theme registry: 1 value(s) carry stray whitespace in the SOURCE and are bound verbatim (trimming them would filter to zero rows): ["'Theme 5 - Clean and Green Village '"]
status registry: excluded ['Buildings'] — 'Buildings' is an asset_category label appearing in the activity_status decode (dim_code code 173), so it is a decoder defect in the SOURCE. Not repaired here; reported for the data owner.

── run_consistency_eval: estimated API spend ──
  3 replay(s) x 209 questions x ~3 calls  1881 calls
  already recorded (skipped)              0 (cached) calls
  TOTAL                                   ~1881 calls
  confirmed — running

[db] Using DuckDB file I:\My Drive\ASC Lab\LMIC AI Code repo\Odisha_PRDW\Chatbot\data\panchayat_1.duckdb (read-only, 19 tables; 7 views + cache tables in-memory)
[startup] DB ready
[startup] Default date range: 2025-01-01 to 2025-12-31
[startup] Vector retriever ready — 376 catalog entries
[startup] Router ready — 0 cached results, 346 templates, mode=vector
[ 1/209] PLN-001      How many Gram Panchayats in Khordha have uploaded the GPDP in 2024-25?
[ 2/209] PLN-003      GPDP upload status Bhubaneswar block, 24-25?
[ 3/209] clarify      and Khajuripada?
[ 4/209] clarify      Which Gram Panchayats have not yet uploaded their GPDP in 2024-2025?
[ 5/209] PLN-005      24-25 me kaun se GP ne abhi tak GPDP upload nahi kiya?
[ 6/209] clarify      ଖୋର୍ଦ୍ଧା ଜିଲ୍ଲାରେ 2024-2025 ରେ କେତେ ଗ୍ରାମ ପଞ୍ଚାୟତ GPDP ଅପଲୋଡ କରିଛନ୍ତି?
[ 7/209] PLN-001      Khordha jillare 2024-2025 re kete GP GPDP upload karichanti?
[ 8/209] PLN-001      ଆର୍ଥିକ ବର୍ଷ ୨୦୨୪-୨୫ରେ ଖୋର୍ଦ୍ଧାରେ କେତେ GP GPDP ଅପଲୋଡ କରିଛନ୍ତି?
[ 9/209] PLN-001      How many GPs in Kordha uploaded GPDP in FY 24-25?
[10/209] PLN-016      Khurda district ka GPDP approval rate kya hai 2024-25 me?
[11/209] PLN-003      What percentage of Gram Panchayats in Bhubaneshwar block have uploaded
[12/209] PLN-006      Which blocks achieved 100% GPDP submission in 2024-2025?
[13/209] PLN-007      Which districts had the lowest GPDP submission rate last year?
[14/209] clarify      How many GPs in Bhubaneswar uploaded the GPDP after 30 June 2024 in 20
[15/209] PLN-012      Sir, kindly let me know the GPDP status of Andhrua Gram Panchayat for 
[16/209] clarify      what about last year?
[17/209] clarify      Khordha me kitne GP ka GPDP approval abhi tak pending hai 2024-25 me?
[18/209] PLN-015      Bhubaneswar block me GPDP approval rate kitna hai 2024-25 ka?
[19/209] PLN-020      Which blocks have the most pending GPDP approvals in 2024-2025?
[20/209] clarify      2024-2025 ରେ କେଉଁ ବ୍ଲକରେ ସବୁଠାରୁ ଅଧିକ GPDP ଅନୁମୋଦନ ବାକି ଅଛି?
[21/209] clarify      How many activities are planned under each GPDP theme in Andhrua in 20
[22/209] clarify      Which GPDP theme has the highest number of planned activities in Khord
[23/209] clarify      Which GPs planned the most activities under Clean and Green Village in
[24/209] PLN-038      How has the number of planned activities per theme changed year on yea
[25/209] PLN-039      Which themes showed the greatest increase in planned activities betwee
[26/209] clarify      Sanitation ke under 2024-25 me Andhrua me kitni activities plan hui?
[27/209] PLN-052      Which focus area has the highest number of planned activities in 2024-
[28/209] PLN-052      aur sabse kam?
[29/209] clarify      2024-2025 ରେ କେଉଁ ଫୋକସ ଏରିଆରେ କୌଣସି ଯୋଜନାବଦ୍ଧ କାର୍ଯ୍ୟ ନାହିଁ?
[30/209] PLU-006      How many activities below Rs 1000 are planned theme-wise in 2024-2025?
[31/209] clarify      Andhrua ke kitne percent activities 1 lakh se kam ki hain 2024-25 me?
[32/209] PLU-007      What is the cost-band split of activities in Khordha for 2024-2025?
[33/209] clarify      Andhrua ka supplementary plan hai kya 2024-25 ke liye?
[34/209] clarify      How many fresh and how many maintenance activities does Andhrua have i
[35/209] WRK-003      What share of Khordha's expenditure went to maintenance in 2024-2025?
[36/209] WRK-005      Bhubaneswar ke kaun se GP maintenance par fresh asset se zyada kharch 
[37/209] clarify      GPDP status?
[38/209] PLN-001      How many GPs in Laxmipur uploaded the GPDP in 2024-25?
[39/209] clarify      Bheden ka plan status 2024-25?
[40/209] PLN-020      2025-26 re kaun kaun blockre GPDP anumodan re barambar bilamba huachi?
[41/209] PLN-041      Which themes have remained consistently among the top priorities over 
[42/209] PLU-005      Attabira me kitni activities dusre panchayat tier ko delegate hui 2025
[43/209] PLN-003      What percentage of Gram Panchayats in each block uploaded their GPDP i
[44/209] PLN-003      and Laxmipur?
[45/209] clarify      How many community soak pits have been planned in 2024-25?
[46/209] clarify      and household ones?
[47/209] clarify      How many soak pits were completed in 2024-2025?
[48/209] SBM-GWM-002  What is the expenditure on Grey Water Management activities in 2024-25
[49/209] SBM-GWM-011  2024-25 me kitne household soak pit complete hue?
[50/209] clarify      2024-2025 ରେ କେତେ ସାମୁଦାୟିକ ସୋକ୍‌ପିଟ୍ ଯୋଜନା କରାଯାଇଛି?
[51/209] SBM-GWM-004  How many community soak pits have been approved in 2024-2025?
[52/209] SBM-GWM-012  What is the expenditure on household soak pits in 2024-25?
[53/209] SBM-SI-016   How many single-pit to twin-pit toilet retrofits have been planned in 
[54/209] SBM-SI-009   2024-25 me kitne IHHL complete hue?
[55/209] SBM-SI-004   Public institutions me kitne toilet ban gaye 2024-25 me?
[56/209] SBM-SI-005   What is the expenditure on toilets in public institutions in 2024-2025
[57/209] SBM-SI-013   How many toilets and handwash units in AWCs and schools are ongoing in
[58/209] SBM-SI-013   2024-2025 re kete anganwadi o school re toilet sarichi?
[59/209] SBM-SI-022   How many septic-tank-with-soak-pit retrofits have been approved in 202
[60/209] SBM-SI-006   2024-2025 ରେ କେତେ ବ୍ୟକ୍ତିଗତ ଘରୋଇ ଶୌଚାଳୟ ଯୋଜନା କରାଯାଇଛି?
[61/209] SBM-SWM-004  How many community compost pits are ongoing in 2024-25?
[62/209] SBM-SWM-011  Household compost pit par kitna kharcha hua 2024-25 me?
[63/209] SBM-SWM-015  2024-25 me kitne segregation shed ban kar taiyar ho gaye?
[64/209] clarify      Segregation bins planned 24-25?
[65/209] SBM-SWM-027  2024-2025 re kete Gobardhan unit sampurna heichi?
[66/209] SBM-SWM-028  What is the expenditure on Gobardhan units in 2024-2025?
[67/209] SBM-SWM-031  Door-to-door kachra gaadi kitni chal rahi hain 2024-25 me?
[68/209] SBM-SWM-035  How many weighing machines have been planned in 2024-2025?
[69/209] clarify      How many Solid Waste Management activities have been planned in 2024-2
[70/209] SBM-OM-001   What is the O&M expenditure on community sanitary complexes in 2024-20
[71/209] SBM-OM-003   What is the Operation & Maintenance expenditure on segregation sheds i
[72/209] clarify      PPE kit aur safety equipment kitne plan hue 2024-25 me?
[73/209] SBM-OM-010   What is the total Operation & Maintenance expenditure in Andhrua in 20
[74/209] clarify      2024-2025 ରେ ପ୍ଲାଷ୍ଟିକ ବର୍ଜ୍ୟବସ୍ତୁ ପରିଚାଳନା ୟୁନିଟ ପାଇଁ କେତେ ଖର୍ଚ୍ଚ ହୋଇ
[75/209] clarify      Faecal sludge management plant par kitna kharcha hua 2024-25 me?
[76/209] SBM-SWM-005  2024-25 me kitne compost pit complete hue?
[77/209] SBM-SWM-033  How many waste collection vehicles were repaired in 2024-25?
[78/209] SBM-SI-003   How many toilets in public institutions are ongoing in 2024-2025?
[79/209] BUD-002      How much funding is recorded from each funding source in 2024-25?
[80/209] BUD-005      What percentage of the sanctioned budget is tied and untied in 2024-20
[81/209] clarify      Which focus area has the highest planned expenditure in 2024-25?
[82/209] clarify      and the lowest?
[83/209] BUD-007      Which GPDP theme has the highest planned expenditure in 2024-2025?
[84/209] clarify      2024-25 me har theme ko kitna planned expenditure mila?
[85/209] clarify      2024-2025 ରେ କେଉଁ ଫୋକସ ଏରିଆକୁ କୌଣସି ଯୋଜନାବଦ୍ଧ ଖର୍ଚ୍ଚ ମିଳିନାହିଁ?
[86/209] clarify      Andhrua ko 2024-25 me total kitna fund mila?
[87/209] clarify      How many activities are recorded under CFC in Khordha for 2024-25?
[88/209] SCH-005      Which scheme has the highest expenditure in Bhubaneswar for 2024-2025?
[89/209] clarify      SFC vs CFC comparison
[90/209] SCH-008      Compare the activity counts and expenditure of the 15th Finance Commis
[91/209] clarify      SFC ke under Bhubaneswar me General/SC/ST funding split kya hai 2024-2
[92/209] SCH-011      What is the district-wise activity count under the XV Finance Commissi
[93/209] BUD-005      2024-2025 re Andhrua ra kama pain tied o untied panthi kete bhaga heic
[94/209] FND-004      Khordha me 2024-25 me kitne percent sanctioned fund tied hai?
[95/209] clarify      Bhubaneswar me SC aur ST ke liye kitna fund earmark hua 2024-25 me?
[96/209] clarify      Which GPs in Bhubaneswar have sanctioned activities but no SC/ST earma
[97/209] fallback     2024-2025 ରେ ପ୍ରତ୍ୟେକ ପାଣ୍ଠି ଉତ୍ସରୁ କେତେ ଅର୍ଥ ମିଳିଛି?
[98/209] clarify      Which scheme funds the largest number of activities in Bhubaneswar in 
[99/209] SCH-004      What is the fund allocated under XV Finance Commission at ZP, Block an
[100/209] SCH-005      2024-2025 re kaun scheme re sabuthara adhika kharcha heichi Bhubaneswa
[101/209] EXP-001      What is the total actual expenditure incurred by each GP in 2024-25?
[102/209] EXP-003      What percentage of the planned expenditure has been utilised in 2024-2
[103/209] clarify      and the unspent amount?
[104/209] EXP-004      2024-25 me total kitna paisa unspent reh gaya?
[105/209] EXP-018      2024-2025 ରେ କେଉଁ ଫୋକସ ଏରିଆରେ ସର୍ବାଧିକ ପ୍ରକୃତ ଖର୍ଚ୍ଚ ହୋଇଛି?
[106/209] clarify      Which GPDP theme has the highest actual expenditure in 2024-2025?
[107/209] clarify      How much actual expenditure has been incurred under each funding sourc
[108/209] EXP-013      Kaun se funding source me sabse zyada paisa bacha hua hai 2024-25 me?
[109/209] clarify      Which high-value activities above Rs 1,00,000 have no expenditure in 2
[110/209] clarify      5 lakh se upar ki kaun si activity par abhi tak kharcha nahi hua 2024-
[111/209] clarify      Andhrua ra 2024-2025 ra receipt, payment o closing balance kete?
[112/209] EXP-002      How has the total actual expenditure of Andhrua changed over the years
[113/209] EXP-037      Andhrua me marammat aur rakhrakhav par kitna kharcha hua 2024-25 me?
[114/209] EXP-036      2024-2025 re Andhrua re nua sampati tiari pain kete kharcha heichi?
[115/209] EXP-035      Which activities have actual expenditure exceeding the planned expendi
[116/209] clarify      Which theme has the highest utilisation of 15th CFC funds at district 
[117/209] EXP-010      How many activities have expenditure under Sanitation in 2024-2025?
[118/209] clarify      Which activities have the highest expenditure in 2024-25?
[119/209] clarify      2024-2025 ରେ ମୋଟ କେତେ ଟଙ୍କା ଖର୍ଚ୍ଚ ହୋଇନାହିଁ?
[120/209] EXP-023      What percentage of sanctioned funds was utilised in 2024-2025?
[121/209] TRD-006      expenditure Andhrua?
[122/209] EXP-008      Tied aur untied fund se 2024-25 me kitna kharcha hua?
[123/209] clarify      What is the total actual expenditure incurred by each GP in 2024-2025?
[124/209] clarify      what about Laxmipur?
[125/209] clarify      How many activities in Andhrua are in each progress status for 2024-25
[126/209] clarify      What is the district-wise activity status summary for 2024-2025?
[127/209] STS-013      and for 2023-24?
[128/209] clarify      How many activities in Bhubaneswar are ongoing in 2024-25?
[129/209] clarify      and completed ones?
[130/209] STS-003      Bhubaneswar me kitne kaam abandoned hain 2024-25 me?
[131/209] STS-004      Which GPs in Khordha have the highest number of abandoned activities i
[132/209] STS-006      Bhubaneswar me kitne percent taken-up kaam complete hue 2024-25 me?
[133/209] clarify      Which blocks in Khordha have the highest activity completion rate for 
[134/209] clarify      Bhubaneswar ke kaun se GP me ek bhi kaam complete nahi hua 2024-25 me?
[135/209] STS-010      Bhubaneswar me kitne kaam Under Approval me atke hue hain 2024-25 me?
[136/209] clarify      2024-2025 ରେ ଆରମ୍ଭ ହୋଇଥିବା କେତେ କାର୍ଯ୍ୟ ସମ୍ପୂର୍ଣ୍ଣ ହୋଇଛି?
[137/209] IMP-005      What is the completion rate under each theme and focus area in 2024-20
[138/209] clarify      Which focus area has the lowest completion rate in 2024-25?
[139/209] clarify      Which high-expenditure activities have not yet started in 2024-2025?
[140/209] clarify      Kaun si activities Work Ongoing dikha rahi hain lekin poora approved p
[141/209] clarify      2024-2025 ରେ କେଉଁ ଫୋକସ ଏରିଆରେ ସବୁଠାରୁ ଅଧିକ ଚାଲୁଥିବା କାର୍ଯ୍ୟ ଅଛି?
[142/209] IMP-003      Andhrua me kitne planned kaam abhi tak shuru hi nahi hue 2024-25 me?
[143/209] clarify      Which themes have the largest implementation gap between planned and i
[144/209] PHY-001      What physical-progress evidence has been recorded for activity 1257117
[145/209] PHY-004      2024-2025 re Bhubaneswar block re kete kama ra physical progress evide
[146/209] PHY-002      What are the stage-wise completion dates for asset 509018477?
[147/209] PHY-005      Which assets in Attabira have not advanced a stage in the last 90 days
[148/209] clarify      2024-2025 re Bhubaneswar block re kete kama sarichi?
[149/209] ALR-001      Which administratively approved activities in Bhubaneswar still have z
[150/209] clarify      Khordha me kaun si activities ka kharcha admin approved cost se zyada 
[151/209] ALR-004      Which activities in Khordha have a technically approved cost higher th
[152/209] clarify      2024-2025 ରେ ଭୁବନେଶ୍ୱର ବ୍ଲକର କେଉଁ ଗ୍ରାମ ପଞ୍ଚାୟତରେ କୌଣସି କାର୍ଯ୍ୟ ହୋଇନାହ
[153/209] clarify      Khordha me kaun se GP ka 2024-25 me kisi bhi module me data entry nahi
[154/209] ALR-008      Which activities approved more than 180 days ago in Bhubaneswar are st
[155/209] clarify      Which blocks in Khordha are below 50 percent activity completion in 20
[156/209] DQY-001      Khordha me kitni activities ka focus area record nahi hua 2024-25 me?
[157/209] DQY-006      Which activities in Bhubaneswar are marked completed or ongoing but ha
[158/209] clarify      Which activities in Bhubaneswar report expenditure but have no payment
[159/209] DQY-004      2024-2025 re Khordha re kete activity re funding scheme record hoini?
[160/209] ALR-006      Which suspended activities in Attabira have payment vouchers dated aft
[161/209] ALR-010      Which GPs in Khordha have a resource envelope allocation but no upload
[162/209] ALR-007      Which activities in Begunia have been ongoing longer than their planne
[163/209] DQY-005      How many beneficiary records in Andhrua are missing the village field 
[164/209] clarify      What is the total administratively sanctioned amount for each GP in 20
[165/209] clarify      only Khordha please
[166/209] SAN-001      How many activities in Andhrua received administrative approval in 202
[167/209] SAN-001      and in Ganjam?
[168/209] SAN-004      2024-2025 re Khordha jillare block anusare prashasanika manjuri rashi 
[169/209] SAN-002      How many activities in Bhubaneswar are still awaiting administrative a
[170/209] clarify      Bhubaneswar me kitne percent planned activities ko admin approval mila
[171/209] clarify      Khordha me kaun si activities ko sabse zyada admin sanction amount mil
[172/209] SAN-005      What are the administrative approval order number, date and issuing au
[173/209] clarify      2024-2025 ରେ ଆନ୍ଧ୍ରୁଆ ପାଇଁ ମୋଟ ପ୍ରଶାସନିକ ମଞ୍ଜୁରୀ ରାଶି କେତେ?
[174/209] SAN-010      How many administrative approvals in Khordha were issued in each quart
[175/209] AST-001      How many assets were created in each GP during 2024-2025?
[176/209] AST-001      Bhubaneswar block ru?
[177/209] clarify      2024-2025 ରେ ଭୁବନେଶ୍ୱର ବ୍ଲକରେ ସମ୍ପତ୍ତି ଶ୍ରେଣୀ ଅନୁସାରେ କେତେ ସମ୍ପତ୍ତି ସୃ
[178/209] AST-006      Bhubaneswar me 2024-25 me kitne immovable asset bane?
[179/209] AST-007      Which asset category received the highest expenditure in Khordha for 2
[180/209] clarify      Bhubaneswar ke kaun se GP ne 2024-25 me koi asset nahi banaya?
[181/209] AST-012      How has the number of assets created per year in Bhubaneswar changed?
[182/209] AST-010      What is the average unit cost of tap connections across Khordha for 20
[183/209] AST-005      What are the unit count and unit cost of assets created under activity
[184/209] AST-004      Where are the assets under activity 125711758 located, and how many un
[185/209] clarify      Compare activity counts, expenditure and completion rates between Bhub
[186/209] TRD-010      Compare planned expenditure, actual expenditure and completion rate be
[187/209] TRD-012      How does Khordha compare with the state average on expenditure per GP 
[188/209] TRD-004      Bhubaneswar ka total kharcha 2023-24 se 2024-25 me kitna badla?
[189/209] clarify      ଆନ୍ଧ୍ରୁଆର ବର୍ଷ ଅନୁସାରେ ମୋଟ ଖର୍ଚ୍ଚ କେତେ?
[190/209] TRD-002      Compare the approved cost and expenditure theme-wise between 2023-24 a
[191/209] TRD-005      Khordha ka activity completion rate saalon me kaise badla?
[192/209] TRD-006      Andhrua ra barsa bhittire mota kharcha kete?
[193/209] TRD-011      Compare Laxmipur and Kalimela for 2024-25.
[194/209] clarify      Bhubaneswar ke kaun se GP me sabse zyada paisa bacha hua hai 2024-25 m
[195/209] clarify      2024-2025 re Bhubaneswar re kaun chalu kama manjuri rashira 25 percent
[196/209] clarify      Which blocks in Khordha combine high pending sanctions with low expend
[197/209] clarify      Andhrua me kaun se focus area ka approved cost zyada hai lekin complet
[198/209] DSS-003      Which asset sub-categories in Bhubaneswar show the highest repeat-main
[199/209] DSS-004      Which GPs in Attabira could reach the next PAI grade with the smallest
[200/209] clarify      How many beneficiaries received benefits under Swachh Bharat Mission i
[201/209] clarify      Bhubaneswar block ke GPs me kitne beneficiary hain 2024-25 me?
[202/209] BEN-002      What is the village-wise count of beneficiaries in Andhrua under NSAP 
[203/209] clarify      2024-2025 ରେ ଆନ୍ଧ୍ରୁଆରେ କେତେ ହିତାଧିକାରୀ ପେନସନ ପାଇଛନ୍ତି?
[204/209] clarify      What is the weather forecast for Bhubaneswar tomorrow?
[205/209] fallback     Odisha panchayat election kab hoga?
[206/209] clarify      Who is the current Sarpanch of Andhrua?
[207/209] clarify      ଆଜି ଭୁବନେଶ୍ୱରରେ ପାଗ କିପରି ଅଛି?
[208/209] clarify      Can you write me a leave application in Odia?
[209/209] fallback     What is the MGNREGA wage rate in Odisha this year?

Wrote I:\My Drive\ASC Lab\LMIC AI Code repo\Odisha_PRDW\Chatbot\eval_full_results_run1.jsonl (209 records)
replay 1/3: 209 questions in 619s
theme registry: 1 value(s) carry stray whitespace in the SOURCE and are bound verbatim (trimming them would filter to zero rows): ["'Theme 5 - Clean and Green Village '"]
status registry: excluded ['Buildings'] — 'Buildings' is an asset_category label appearing in the activity_status decode (dim_code code 173), so it is a decoder defect in the SOURCE. Not repaired here; reported for the data owner.
[startup] DB ready
[startup] Default date range: 2025-01-01 to 2025-12-31
[startup] Vector retriever ready — 376 catalog entries
[startup] Router ready — 0 cached results, 346 templates, mode=vector
[ 1/209] PLN-001      How many Gram Panchayats in Khordha have uploaded the GPDP in 2024-25?
[ 2/209] PLN-003      GPDP upload status Bhubaneswar block, 24-25?
[ 3/209] PLN-003      and Khajuripada?
[ 4/209] PLN-005      Which Gram Panchayats have not yet uploaded their GPDP in 2024-2025?
[ 5/209] PLN-005      24-25 me kaun se GP ne abhi tak GPDP upload nahi kiya?
[ 6/209] PLN-001      ଖୋର୍ଦ୍ଧା ଜିଲ୍ଲାରେ 2024-2025 ରେ କେତେ ଗ୍ରାମ ପଞ୍ଚାୟତ GPDP ଅପଲୋଡ କରିଛନ୍ତି?
[ 7/209] clarify      Khordha jillare 2024-2025 re kete GP GPDP upload karichanti?
[ 8/209] PLN-001      ଆର୍ଥିକ ବର୍ଷ ୨୦୨୪-୨୫ରେ ଖୋର୍ଦ୍ଧାରେ କେତେ GP GPDP ଅପଲୋଡ କରିଛନ୍ତି?
[ 9/209] PLN-001      How many GPs in Kordha uploaded GPDP in FY 24-25?
[10/209] PLN-016      Khurda district ka GPDP approval rate kya hai 2024-25 me?
[11/209] PLN-003      What percentage of Gram Panchayats in Bhubaneshwar block have uploaded
[12/209] clarify      Which blocks achieved 100% GPDP submission in 2024-2025?
[13/209] PLN-007      Which districts had the lowest GPDP submission rate last year?
[14/209] clarify      How many GPs in Bhubaneswar uploaded the GPDP after 30 June 2024 in 20
[15/209] PLN-012      Sir, kindly let me know the GPDP status of Andhrua Gram Panchayat for 
[16/209] clarify      what about last year?
[17/209] clarify      Khordha me kitne GP ka GPDP approval abhi tak pending hai 2024-25 me?
[18/209] PLN-015      Bhubaneswar block me GPDP approval rate kitna hai 2024-25 ka?
[19/209] PLN-020      Which blocks have the most pending GPDP approvals in 2024-2025?
[20/209] clarify      2024-2025 ରେ କେଉଁ ବ୍ଲକରେ ସବୁଠାରୁ ଅଧିକ GPDP ଅନୁମୋଦନ ବାକି ଅଛି?
[21/209] PLN-024      How many activities are planned under each GPDP theme in Andhrua in 20
[22/209] clarify      Which GPDP theme has the highest number of planned activities in Khord
[23/209] clarify      Which GPs planned the most activities under Clean and Green Village in
[24/209] PLN-038      How has the number of planned activities per theme changed year on yea
[25/209] PLN-039      Which themes showed the greatest increase in planned activities betwee
[26/209] clarify      Sanitation ke under 2024-25 me Andhrua me kitni activities plan hui?
[27/209] clarify      Which focus area has the highest number of planned activities in 2024-
[28/209] clarify      aur sabse kam?
[29/209] clarify      2024-2025 ରେ କେଉଁ ଫୋକସ ଏରିଆରେ କୌଣସି ଯୋଜନାବଦ୍ଧ କାର୍ଯ୍ୟ ନାହିଁ?
[30/209] clarify      How many activities below Rs 1000 are planned theme-wise in 2024-2025?
[31/209] PLU-009      Andhrua ke kitne percent activities 1 lakh se kam ki hain 2024-25 me?
[32/209] PLU-007      What is the cost-band split of activities in Khordha for 2024-2025?
[33/209] clarify      Andhrua ka supplementary plan hai kya 2024-25 ke liye?
[34/209] WRK-001      How many fresh and how many maintenance activities does Andhrua have i
[35/209] WRK-003      What share of Khordha's expenditure went to maintenance in 2024-2025?
[36/209] WRK-005      Bhubaneswar ke kaun se GP maintenance par fresh asset se zyada kharch 
[37/209] clarify      GPDP status?
[38/209] PLN-001      How many GPs in Laxmipur uploaded the GPDP in 2024-25?
[39/209] clarify      Bheden ka plan status 2024-25?
[40/209] PLN-020      2025-26 re kaun kaun blockre GPDP anumodan re barambar bilamba huachi?
[41/209] PLN-041      Which themes have remained consistently among the top priorities over 
[42/209] PLU-005      Attabira me kitni activities dusre panchayat tier ko delegate hui 2025
[43/209] PLN-003      What percentage of Gram Panchayats in each block uploaded their GPDP i
[44/209] PLN-003      and Laxmipur?
[45/209] clarify      How many community soak pits have been planned in 2024-25?
[46/209] clarify      and household ones?
[47/209] clarify      How many soak pits were completed in 2024-2025?
[48/209] SBM-GWM-002  What is the expenditure on Grey Water Management activities in 2024-25
[49/209] clarify      2024-25 me kitne household soak pit complete hue?
[50/209] clarify      2024-2025 ରେ କେତେ ସାମୁଦାୟିକ ସୋକ୍‌ପିଟ୍ ଯୋଜନା କରାଯାଇଛି?
[51/209] SBM-GWM-004  How many community soak pits have been approved in 2024-2025?
[52/209] SBM-GWM-012  What is the expenditure on household soak pits in 2024-25?
[53/209] SBM-SI-016   How many single-pit to twin-pit toilet retrofits have been planned in 
[54/209] SBM-SI-009   2024-25 me kitne IHHL complete hue?
[55/209] SBM-SI-004   Public institutions me kitne toilet ban gaye 2024-25 me?
[56/209] SBM-SI-005   What is the expenditure on toilets in public institutions in 2024-2025
[57/209] SBM-SI-013   How many toilets and handwash units in AWCs and schools are ongoing in
[58/209] SBM-SI-014   2024-2025 re kete anganwadi o school re toilet sarichi?
[59/209] SBM-SI-022   How many septic-tank-with-soak-pit retrofits have been approved in 202
[60/209] SBM-SI-006   2024-2025 ରେ କେତେ ବ୍ୟକ୍ତିଗତ ଘରୋଇ ଶୌଚାଳୟ ଯୋଜନା କରାଯାଇଛି?
[61/209] SBM-SWM-004  How many community compost pits are ongoing in 2024-25?
[62/209] clarify      Household compost pit par kitna kharcha hua 2024-25 me?
[63/209] clarify      2024-25 me kitne segregation shed ban kar taiyar ho gaye?
[64/209] SBM-SWM-017  Segregation bins planned 24-25?
[65/209] clarify      2024-2025 re kete Gobardhan unit sampurna heichi?
[66/209] SBM-SWM-028  What is the expenditure on Gobardhan units in 2024-2025?
[67/209] SBM-SWM-031  Door-to-door kachra gaadi kitni chal rahi hain 2024-25 me?
[68/209] SBM-SWM-035  How many weighing machines have been planned in 2024-2025?
[69/209] SBM-SWM-001  How many Solid Waste Management activities have been planned in 2024-2
[70/209] SBM-OM-001   What is the O&M expenditure on community sanitary complexes in 2024-20
[71/209] SBM-OM-003   What is the Operation & Maintenance expenditure on segregation sheds i
[72/209] clarify      PPE kit aur safety equipment kitne plan hue 2024-25 me?
[73/209] SBM-OM-010   What is the total Operation & Maintenance expenditure in Andhrua in 20
[74/209] clarify      2024-2025 ରେ ପ୍ଲାଷ୍ଟିକ ବର୍ଜ୍ୟବସ୍ତୁ ପରିଚାଳନା ୟୁନିଟ ପାଇଁ କେତେ ଖର୍ଚ୍ଚ ହୋଇ
[75/209] SBM-OM-007   Faecal sludge management plant par kitna kharcha hua 2024-25 me?
[76/209] clarify      2024-25 me kitne compost pit complete hue?
[77/209] SBM-SWM-033  How many waste collection vehicles were repaired in 2024-25?
[78/209] SBM-SI-003   How many toilets in public institutions are ongoing in 2024-2025?
[79/209] BUD-002      How much funding is recorded from each funding source in 2024-25?
[80/209] BUD-005      What percentage of the sanctioned budget is tied and untied in 2024-20
[81/209] clarify      Which focus area has the highest planned expenditure in 2024-25?
[82/209] clarify      and the lowest?
[83/209] BUD-007      Which GPDP theme has the highest planned expenditure in 2024-2025?
[84/209] clarify      2024-25 me har theme ko kitna planned expenditure mila?
[85/209] clarify      2024-2025 ରେ କେଉଁ ଫୋକସ ଏରିଆକୁ କୌଣସି ଯୋଜନାବଦ୍ଧ ଖର୍ଚ୍ଚ ମିଳିନାହିଁ?
[86/209] clarify      Andhrua ko 2024-25 me total kitna fund mila?
[87/209] clarify      How many activities are recorded under CFC in Khordha for 2024-25?
[88/209] SCH-005      Which scheme has the highest expenditure in Bhubaneswar for 2024-2025?
[89/209] clarify      SFC vs CFC comparison
[90/209] SCH-008      Compare the activity counts and expenditure of the 15th Finance Commis
[91/209] clarify      SFC ke under Bhubaneswar me General/SC/ST funding split kya hai 2024-2
[92/209] SCH-011      What is the district-wise activity count under the XV Finance Commissi
[93/209] clarify      2024-2025 re Andhrua ra kama pain tied o untied panthi kete bhaga heic
[94/209] FND-004      Khordha me 2024-25 me kitne percent sanctioned fund tied hai?
[95/209] FND-005      Bhubaneswar me SC aur ST ke liye kitna fund earmark hua 2024-25 me?
[96/209] FND-007      Which GPs in Bhubaneswar have sanctioned activities but no SC/ST earma
[97/209] fallback     2024-2025 ରେ ପ୍ରତ୍ୟେକ ପାଣ୍ଠି ଉତ୍ସରୁ କେତେ ଅର୍ଥ ମିଳିଛି?
[98/209] FND-009      Which scheme funds the largest number of activities in Bhubaneswar in 
[99/209] SCH-004      What is the fund allocated under XV Finance Commission at ZP, Block an
[100/209] clarify      2024-2025 re kaun scheme re sabuthara adhika kharcha heichi Bhubaneswa
[101/209] EXP-001      What is the total actual expenditure incurred by each GP in 2024-25?
[102/209] clarify      What percentage of the planned expenditure has been utilised in 2024-2
[103/209] clarify      and the unspent amount?
[104/209] EXP-004      2024-25 me total kitna paisa unspent reh gaya?
[105/209] EXP-018      2024-2025 ରେ କେଉଁ ଫୋକସ ଏରିଆରେ ସର୍ବାଧିକ ପ୍ରକୃତ ଖର୍ଚ୍ଚ ହୋଇଛି?
[106/209] EXP-015      Which GPDP theme has the highest actual expenditure in 2024-2025?
[107/209] EXP-006      How much actual expenditure has been incurred under each funding sourc
[108/209] EXP-013      Kaun se funding source me sabse zyada paisa bacha hua hai 2024-25 me?
[109/209] clarify      Which high-value activities above Rs 1,00,000 have no expenditure in 2
[110/209] clarify      5 lakh se upar ki kaun si activity par abhi tak kharcha nahi hua 2024-
[111/209] EXP-024      Andhrua ra 2024-2025 ra receipt, payment o closing balance kete?
[112/209] EXP-002      How has the total actual expenditure of Andhrua changed over the years
[113/209] EXP-037      Andhrua me marammat aur rakhrakhav par kitna kharcha hua 2024-25 me?
[114/209] EXP-036      2024-2025 re Andhrua re nua sampati tiari pain kete kharcha heichi?
[115/209] EXP-035      Which activities have actual expenditure exceeding the planned expendi
[116/209] clarify      Which theme has the highest utilisation of 15th CFC funds at district 
[117/209] EXP-010      How many activities have expenditure under Sanitation in 2024-2025?
[118/209] EXP-031      Which activities have the highest expenditure in 2024-25?
[119/209] clarify      2024-2025 ରେ ମୋଟ କେତେ ଟଙ୍କା ଖର୍ଚ୍ଚ ହୋଇନାହିଁ?
[120/209] EXP-023      What percentage of sanctioned funds was utilised in 2024-2025?
[121/209] clarify      expenditure Andhrua?
[122/209] EXP-008      Tied aur untied fund se 2024-25 me kitna kharcha hua?
[123/209] EXP-001      What is the total actual expenditure incurred by each GP in 2024-2025?
[124/209] EXP-001      what about Laxmipur?
[125/209] clarify      How many activities in Andhrua are in each progress status for 2024-25
[126/209] clarify      What is the district-wise activity status summary for 2024-2025?
[127/209] STS-013      and for 2023-24?
[128/209] clarify      How many activities in Bhubaneswar are ongoing in 2024-25?
[129/209] clarify      and completed ones?
[130/209] clarify      Bhubaneswar me kitne kaam abandoned hain 2024-25 me?
[131/209] STS-004      Which GPs in Khordha have the highest number of abandoned activities i
[132/209] STS-006      Bhubaneswar me kitne percent taken-up kaam complete hue 2024-25 me?
[133/209] STS-007      Which blocks in Khordha have the highest activity completion rate for 
[134/209] STS-009      Bhubaneswar ke kaun se GP me ek bhi kaam complete nahi hua 2024-25 me?
[135/209] clarify      Bhubaneswar me kitne kaam Under Approval me atke hue hain 2024-25 me?
[136/209] clarify      2024-2025 ରେ ଆରମ୍ଭ ହୋଇଥିବା କେତେ କାର୍ଯ୍ୟ ସମ୍ପୂର୍ଣ୍ଣ ହୋଇଛି?
[137/209] IMP-005      What is the completion rate under each theme and focus area in 2024-20
[138/209] clarify      Which focus area has the lowest completion rate in 2024-25?
[139/209] clarify      Which high-expenditure activities have not yet started in 2024-2025?
[140/209] IMP-018      Kaun si activities Work Ongoing dikha rahi hain lekin poora approved p
[141/209] clarify      2024-2025 ରେ କେଉଁ ଫୋକସ ଏରିଆରେ ସବୁଠାରୁ ଅଧିକ ଚାଲୁଥିବା କାର୍ଯ୍ୟ ଅଛି?
[142/209] clarify      Andhrua me kitne planned kaam abhi tak shuru hi nahi hue 2024-25 me?
[143/209] IMP-007      Which themes have the largest implementation gap between planned and i
[144/209] PHY-001      What physical-progress evidence has been recorded for activity 1257117
[145/209] PHY-004      2024-2025 re Bhubaneswar block re kete kama ra physical progress evide
[146/209] PHY-002      What are the stage-wise completion dates for asset 509018477?
[147/209] PHY-005      Which assets in Attabira have not advanced a stage in the last 90 days
[148/209] STS-003      2024-2025 re Bhubaneswar block re kete kama sarichi?
[149/209] ALR-001      Which administratively approved activities in Bhubaneswar still have z
[150/209] clarify      Khordha me kaun si activities ka kharcha admin approved cost se zyada 
[151/209] ALR-004      Which activities in Khordha have a technically approved cost higher th
[152/209] clarify      2024-2025 ରେ ଭୁବନେଶ୍ୱର ବ୍ଲକର କେଉଁ ଗ୍ରାମ ପଞ୍ଚାୟତରେ କୌଣସି କାର୍ଯ୍ୟ ହୋଇନାହ
[153/209] clarify      Khordha me kaun se GP ka 2024-25 me kisi bhi module me data entry nahi
[154/209] ALR-008      Which activities approved more than 180 days ago in Bhubaneswar are st
[155/209] clarify      Which blocks in Khordha are below 50 percent activity completion in 20
[156/209] clarify      Khordha me kitni activities ka focus area record nahi hua 2024-25 me?
[157/209] clarify      Which activities in Bhubaneswar are marked completed or ongoing but ha
[158/209] clarify      Which activities in Bhubaneswar report expenditure but have no payment
[159/209] DQY-004      2024-2025 re Khordha re kete activity re funding scheme record hoini?
[160/209] ALR-006      Which suspended activities in Attabira have payment vouchers dated aft
[161/209] ALR-010      Which GPs in Khordha have a resource envelope allocation but no upload
[162/209] ALR-007      Which activities in Begunia have been ongoing longer than their planne
[163/209] DQY-005      How many beneficiary records in Andhrua are missing the village field 
[164/209] SAN-003      What is the total administratively sanctioned amount for each GP in 20
[165/209] SAN-003      only Khordha please
[166/209] SAN-001      How many activities in Andhrua received administrative approval in 202
[167/209] SAN-001      and in Ganjam?
[168/209] SAN-004      2024-2025 re Khordha jillare block anusare prashasanika manjuri rashi 
[169/209] SAN-002      How many activities in Bhubaneswar are still awaiting administrative a
[170/209] SAN-007      Bhubaneswar me kitne percent planned activities ko admin approval mila
[171/209] clarify      Khordha me kaun si activities ko sabse zyada admin sanction amount mil
[172/209] SAN-005      What are the administrative approval order number, date and issuing au
[173/209] clarify      2024-2025 ରେ ଆନ୍ଧ୍ରୁଆ ପାଇଁ ମୋଟ ପ୍ରଶାସନିକ ମଞ୍ଜୁରୀ ରାଶି କେତେ?
[174/209] SAN-010      How many administrative approvals in Khordha were issued in each quart
[175/209] AST-001      How many assets were created in each GP during 2024-2025?
[176/209] AST-001      Bhubaneswar block ru?
[177/209] AST-001      2024-2025 ରେ ଭୁବନେଶ୍ୱର ବ୍ଲକରେ ସମ୍ପତ୍ତି ଶ୍ରେଣୀ ଅନୁସାରେ କେତେ ସମ୍ପତ୍ତି ସୃ
[178/209] AST-006      Bhubaneswar me 2024-25 me kitne immovable asset bane?
[179/209] AST-007      Which asset category received the highest expenditure in Khordha for 2
[180/209] AST-009      Bhubaneswar ke kaun se GP ne 2024-25 me koi asset nahi banaya?
[181/209] AST-012      How has the number of assets created per year in Bhubaneswar changed?
[182/209] AST-010      What is the average unit cost of tap connections across Khordha for 20
[183/209] AST-005      What are the unit count and unit cost of assets created under activity
[184/209] AST-004      Where are the assets under activity 125711758 located, and how many un
[185/209] clarify      Compare activity counts, expenditure and completion rates between Bhub
[186/209] clarify      Compare planned expenditure, actual expenditure and completion rate be
[187/209] clarify      How does Khordha compare with the state average on expenditure per GP 
[188/209] TRD-004      Bhubaneswar ka total kharcha 2023-24 se 2024-25 me kitna badla?
[189/209] clarify      ଆନ୍ଧ୍ରୁଆର ବର୍ଷ ଅନୁସାରେ ମୋଟ ଖର୍ଚ୍ଚ କେତେ?
[190/209] TRD-002      Compare the approved cost and expenditure theme-wise between 2023-24 a
[191/209] TRD-005      Khordha ka activity completion rate saalon me kaise badla?
[192/209] TRD-006      Andhrua ra barsa bhittire mota kharcha kete?
[193/209] clarify      Compare Laxmipur and Kalimela for 2024-25.
[194/209] DSS-006      Bhubaneswar ke kaun se GP me sabse zyada paisa bacha hua hai 2024-25 m
[195/209] DSS-005      2024-2025 re Bhubaneswar re kaun chalu kama manjuri rashira 25 percent
[196/209] DSS-002      Which blocks in Khordha combine high pending sanctions with low expend
[197/209] clarify      Andhrua me kaun se focus area ka approved cost zyada hai lekin complet
[198/209] DSS-003      Which asset sub-categories in Bhubaneswar show the highest repeat-main
[199/209] DSS-004      Which GPs in Attabira could reach the next PAI grade with the smallest
[200/209] clarify      How many beneficiaries received benefits under Swachh Bharat Mission i
[201/209] clarify      Bhubaneswar block ke GPs me kitne beneficiary hain 2024-25 me?
[202/209] BEN-002      What is the village-wise count of beneficiaries in Andhrua under NSAP 
[203/209] clarify      2024-2025 ରେ ଆନ୍ଧ୍ରୁଆରେ କେତେ ହିତାଧିକାରୀ ପେନସନ ପାଇଛନ୍ତି?
[204/209] clarify      What is the weather forecast for Bhubaneswar tomorrow?
[205/209] fallback     Odisha panchayat election kab hoga?
[206/209] clarify      Who is the current Sarpanch of Andhrua?
[207/209] clarify      ଆଜି ଭୁବନେଶ୍ୱରରେ ପାଗ କିପରି ଅଛି?
[208/209] clarify      Can you write me a leave application in Odia?
[209/209] fallback     What is the MGNREGA wage rate in Odisha this year?

Wrote I:\My Drive\ASC Lab\LMIC AI Code repo\Odisha_PRDW\Chatbot\eval_full_results_run2.jsonl (209 records)
replay 2/3: 209 questions in 2025s
theme registry: 1 value(s) carry stray whitespace in the SOURCE and are bound verbatim (trimming them would filter to zero rows): ["'Theme 5 - Clean and Green Village '"]
status registry: excluded ['Buildings'] — 'Buildings' is an asset_category label appearing in the activity_status decode (dim_code code 173), so it is a decoder defect in the SOURCE. Not repaired here; reported for the data owner.
[startup] DB ready
[startup] Default date range: 2025-01-01 to 2025-12-31
[startup] Vector retriever ready — 376 catalog entries
[startup] Router ready — 0 cached results, 346 templates, mode=vector
[ 1/209] PLN-001      How many Gram Panchayats in Khordha have uploaded the GPDP in 2024-25?
[ 2/209] PLN-001      GPDP upload status Bhubaneswar block, 24-25?
[ 3/209] clarify      and Khajuripada?
[ 4/209] PLN-005      Which Gram Panchayats have not yet uploaded their GPDP in 2024-2025?
[ 5/209] clarify      24-25 me kaun se GP ne abhi tak GPDP upload nahi kiya?
[ 6/209] PLN-001      ଖୋର୍ଦ୍ଧା ଜିଲ୍ଲାରେ 2024-2025 ରେ କେତେ ଗ୍ରାମ ପଞ୍ଚାୟତ GPDP ଅପଲୋଡ କରିଛନ୍ତି?
[ 7/209] clarify      Khordha jillare 2024-2025 re kete GP GPDP upload karichanti?
[ 8/209] PLN-001      ଆର୍ଥିକ ବର୍ଷ ୨୦୨୪-୨୫ରେ ଖୋର୍ଦ୍ଧାରେ କେତେ GP GPDP ଅପଲୋଡ କରିଛନ୍ତି?
[ 9/209] clarify      How many GPs in Kordha uploaded GPDP in FY 24-25?
[10/209] clarify      Khurda district ka GPDP approval rate kya hai 2024-25 me?
[11/209] PLN-003      What percentage of Gram Panchayats in Bhubaneshwar block have uploaded
[12/209] clarify      Which blocks achieved 100% GPDP submission in 2024-2025?
[13/209] clarify      Which districts had the lowest GPDP submission rate last year?
[14/209] PLN-008      How many GPs in Bhubaneswar uploaded the GPDP after 30 June 2024 in 20
[15/209] clarify      Sir, kindly let me know the GPDP status of Andhrua Gram Panchayat for 
[16/209] PLN-012      what about last year?
[17/209] PLN-014      Khordha me kitne GP ka GPDP approval abhi tak pending hai 2024-25 me?
[18/209] PLN-015      Bhubaneswar block me GPDP approval rate kitna hai 2024-25 ka?
[19/209] PLN-020      Which blocks have the most pending GPDP approvals in 2024-2025?
[20/209] clarify      2024-2025 ରେ କେଉଁ ବ୍ଲକରେ ସବୁଠାରୁ ଅଧିକ GPDP ଅନୁମୋଦନ ବାକି ଅଛି?
[21/209] PLN-024      How many activities are planned under each GPDP theme in Andhrua in 20
[22/209] clarify      Which GPDP theme has the highest number of planned activities in Khord
[23/209] PLN-031      Which GPs planned the most activities under Clean and Green Village in
[24/209] PLN-038      How has the number of planned activities per theme changed year on yea
[25/209] clarify      Which themes showed the greatest increase in planned activities betwee
[26/209] clarify      Sanitation ke under 2024-25 me Andhrua me kitni activities plan hui?
[27/209] clarify      Which focus area has the highest number of planned activities in 2024-
[28/209] clarify      aur sabse kam?
[29/209] clarify      2024-2025 ରେ କେଉଁ ଫୋକସ ଏରିଆରେ କୌଣସି ଯୋଜନାବଦ୍ଧ କାର୍ଯ୍ୟ ନାହିଁ?
[30/209] PLU-006      How many activities below Rs 1000 are planned theme-wise in 2024-2025?
[31/209] clarify      Andhrua ke kitne percent activities 1 lakh se kam ki hain 2024-25 me?
[32/209] PLU-007      What is the cost-band split of activities in Khordha for 2024-2025?
[33/209] PLU-003      Andhrua ka supplementary plan hai kya 2024-25 ke liye?
[34/209] WRK-001      How many fresh and how many maintenance activities does Andhrua have i
[35/209] WRK-003      What share of Khordha's expenditure went to maintenance in 2024-2025?
[36/209] WRK-005      Bhubaneswar ke kaun se GP maintenance par fresh asset se zyada kharch 
[37/209] clarify      GPDP status?
[38/209] PLN-001      How many GPs in Laxmipur uploaded the GPDP in 2024-25?
[39/209] clarify      Bheden ka plan status 2024-25?
[40/209] clarify      2025-26 re kaun kaun blockre GPDP anumodan re barambar bilamba huachi?
[41/209] PLN-041      Which themes have remained consistently among the top priorities over 
[42/209] PLU-005      Attabira me kitni activities dusre panchayat tier ko delegate hui 2025
[43/209] PLN-003      What percentage of Gram Panchayats in each block uploaded their GPDP i
[44/209] PLN-003      and Laxmipur?
[45/209] clarify      How many community soak pits have been planned in 2024-25?
[46/209] clarify      and household ones?
[47/209] clarify      How many soak pits were completed in 2024-2025?
[48/209] SBM-GWM-002  What is the expenditure on Grey Water Management activities in 2024-25
[49/209] SBM-GWM-011  2024-25 me kitne household soak pit complete hue?
[50/209] clarify      2024-2025 ରେ କେତେ ସାମୁଦାୟିକ ସୋକ୍‌ପିଟ୍ ଯୋଜନା କରାଯାଇଛି?
[51/209] SBM-GWM-004  How many community soak pits have been approved in 2024-2025?
[52/209] SBM-GWM-012  What is the expenditure on household soak pits in 2024-25?
[53/209] SBM-SI-016   How many single-pit to twin-pit toilet retrofits have been planned in 
[54/209] SBM-SI-009   2024-25 me kitne IHHL complete hue?
[55/209] SBM-SI-004   Public institutions me kitne toilet ban gaye 2024-25 me?
[56/209] clarify      What is the expenditure on toilets in public institutions in 2024-2025
[57/209] SBM-SI-013   How many toilets and handwash units in AWCs and schools are ongoing in
[58/209] SBM-SI-014   2024-2025 re kete anganwadi o school re toilet sarichi?
[59/209] SBM-SI-022   How many septic-tank-with-soak-pit retrofits have been approved in 202
[60/209] SBM-SI-006   2024-2025 ରେ କେତେ ବ୍ୟକ୍ତିଗତ ଘରୋଇ ଶୌଚାଳୟ ଯୋଜନା କରାଯାଇଛି?
[61/209] clarify      How many community compost pits are ongoing in 2024-25?
[62/209] clarify      Household compost pit par kitna kharcha hua 2024-25 me?
[63/209] SBM-SWM-015  2024-25 me kitne segregation shed ban kar taiyar ho gaye?
[64/209] SBM-SWM-017  Segregation bins planned 24-25?
[65/209] clarify      2024-2025 re kete Gobardhan unit sampurna heichi?
[66/209] SBM-SWM-028  What is the expenditure on Gobardhan units in 2024-2025?
[67/209] SBM-SWM-031  Door-to-door kachra gaadi kitni chal rahi hain 2024-25 me?
[68/209] SBM-SWM-035  How many weighing machines have been planned in 2024-2025?
[69/209] clarify      How many Solid Waste Management activities have been planned in 2024-2
[70/209] SBM-OM-001   What is the O&M expenditure on community sanitary complexes in 2024-20
[71/209] SBM-OM-003   What is the Operation & Maintenance expenditure on segregation sheds i
[72/209] clarify      PPE kit aur safety equipment kitne plan hue 2024-25 me?
[73/209] SBM-OM-010   What is the total Operation & Maintenance expenditure in Andhrua in 20
[74/209] clarify      2024-2025 ରେ ପ୍ଲାଷ୍ଟିକ ବର୍ଜ୍ୟବସ୍ତୁ ପରିଚାଳନା ୟୁନିଟ ପାଇଁ କେତେ ଖର୍ଚ୍ଚ ହୋଇ
[75/209] SBM-OM-007   Faecal sludge management plant par kitna kharcha hua 2024-25 me?
[76/209] clarify      2024-25 me kitne compost pit complete hue?
[77/209] SBM-SWM-033  How many waste collection vehicles were repaired in 2024-25?
[78/209] SBM-SI-003   How many toilets in public institutions are ongoing in 2024-2025?
[79/209] clarify      How much funding is recorded from each funding source in 2024-25?
[80/209] BUD-005      What percentage of the sanctioned budget is tied and untied in 2024-20
[81/209] clarify      Which focus area has the highest planned expenditure in 2024-25?
[82/209] clarify      and the lowest?
[83/209] BUD-007      Which GPDP theme has the highest planned expenditure in 2024-2025?
[84/209] BUD-006      2024-25 me har theme ko kitna planned expenditure mila?
[85/209] clarify      2024-2025 ରେ କେଉଁ ଫୋକସ ଏରିଆକୁ କୌଣସି ଯୋଜନାବଦ୍ଧ ଖର୍ଚ୍ଚ ମିଳିନାହିଁ?
[86/209] clarify      Andhrua ko 2024-25 me total kitna fund mila?
[87/209] SCH-001      How many activities are recorded under CFC in Khordha for 2024-25?
[88/209] SCH-005      Which scheme has the highest expenditure in Bhubaneswar for 2024-2025?
[89/209] clarify      SFC vs CFC comparison
[90/209] SCH-008      Compare the activity counts and expenditure of the 15th Finance Commis
[91/209] clarify      SFC ke under Bhubaneswar me General/SC/ST funding split kya hai 2024-2
[92/209] clarify      What is the district-wise activity count under the XV Finance Commissi
[93/209] clarify      2024-2025 re Andhrua ra kama pain tied o untied panthi kete bhaga heic
[94/209] clarify      Khordha me 2024-25 me kitne percent sanctioned fund tied hai?
[95/209] FND-005      Bhubaneswar me SC aur ST ke liye kitna fund earmark hua 2024-25 me?
[96/209] clarify      Which GPs in Bhubaneswar have sanctioned activities but no SC/ST earma
[97/209] fallback     2024-2025 ରେ ପ୍ରତ୍ୟେକ ପାଣ୍ଠି ଉତ୍ସରୁ କେତେ ଅର୍ଥ ମିଳିଛି?
[98/209] clarify      Which scheme funds the largest number of activities in Bhubaneswar in 
[99/209] SCH-004      What is the fund allocated under XV Finance Commission at ZP, Block an
[100/209] SCH-005      2024-2025 re kaun scheme re sabuthara adhika kharcha heichi Bhubaneswa
[101/209] EXP-001      What is the total actual expenditure incurred by each GP in 2024-25?
[102/209] EXP-003      What percentage of the planned expenditure has been utilised in 2024-2
[103/209] clarify      and the unspent amount?
[104/209] EXP-004      2024-25 me total kitna paisa unspent reh gaya?
[105/209] clarify      2024-2025 ରେ କେଉଁ ଫୋକସ ଏରିଆରେ ସର୍ବାଧିକ ପ୍ରକୃତ ଖର୍ଚ୍ଚ ହୋଇଛି?
[106/209] clarify      Which GPDP theme has the highest actual expenditure in 2024-2025?
[107/209] EXP-006      How much actual expenditure has been incurred under each funding sourc
[108/209] clarify      Kaun se funding source me sabse zyada paisa bacha hua hai 2024-25 me?
[109/209] EXP-033      Which high-value activities above Rs 1,00,000 have no expenditure in 2
[110/209] clarify      5 lakh se upar ki kaun si activity par abhi tak kharcha nahi hua 2024-
[111/209] EXP-024      Andhrua ra 2024-2025 ra receipt, payment o closing balance kete?
[112/209] EXP-002      How has the total actual expenditure of Andhrua changed over the years
[113/209] clarify      Andhrua me marammat aur rakhrakhav par kitna kharcha hua 2024-25 me?
[114/209] clarify      2024-2025 re Andhrua re nua sampati tiari pain kete kharcha heichi?
[115/209] EXP-035      Which activities have actual expenditure exceeding the planned expendi
[116/209] clarify      Which theme has the highest utilisation of 15th CFC funds at district 
[117/209] EXP-010      How many activities have expenditure under Sanitation in 2024-2025?
[118/209] clarify      Which activities have the highest expenditure in 2024-25?
[119/209] clarify      2024-2025 ରେ ମୋଟ କେତେ ଟଙ୍କା ଖର୍ଚ୍ଚ ହୋଇନାହିଁ?
[120/209] EXP-023      What percentage of sanctioned funds was utilised in 2024-2025?
[121/209] clarify      expenditure Andhrua?
[122/209] EXP-008      Tied aur untied fund se 2024-25 me kitna kharcha hua?
[123/209] EXP-001      What is the total actual expenditure incurred by each GP in 2024-2025?
[124/209] EXP-001      what about Laxmipur?
[125/209] STS-001      How many activities in Andhrua are in each progress status for 2024-25
[126/209] STS-013      What is the district-wise activity status summary for 2024-2025?
[127/209] STS-013      and for 2023-24?
[128/209] STS-003      How many activities in Bhubaneswar are ongoing in 2024-25?
[129/209] clarify      and completed ones?
[130/209] clarify      Bhubaneswar me kitne kaam abandoned hain 2024-25 me?
[131/209] STS-004      Which GPs in Khordha have the highest number of abandoned activities i
[132/209] clarify      Bhubaneswar me kitne percent taken-up kaam complete hue 2024-25 me?
[133/209] clarify      Which blocks in Khordha have the highest activity completion rate for 
[134/209] STS-009      Bhubaneswar ke kaun se GP me ek bhi kaam complete nahi hua 2024-25 me?
[135/209] STS-010      Bhubaneswar me kitne kaam Under Approval me atke hue hain 2024-25 me?
[136/209] clarify      2024-2025 ରେ ଆରମ୍ଭ ହୋଇଥିବା କେତେ କାର୍ଯ୍ୟ ସମ୍ପୂର୍ଣ୍ଣ ହୋଇଛି?
[137/209] IMP-005      What is the completion rate under each theme and focus area in 2024-20
[138/209] clarify      Which focus area has the lowest completion rate in 2024-25?
[139/209] clarify      Which high-expenditure activities have not yet started in 2024-2025?
[140/209] clarify      Kaun si activities Work Ongoing dikha rahi hain lekin poora approved p
[141/209] clarify      2024-2025 ରେ କେଉଁ ଫୋକସ ଏରିଆରେ ସବୁଠାରୁ ଅଧିକ ଚାଲୁଥିବା କାର୍ଯ୍ୟ ଅଛି?
[142/209] IMP-003      Andhrua me kitne planned kaam abhi tak shuru hi nahi hue 2024-25 me?
[143/209] clarify      Which themes have the largest implementation gap between planned and i
[144/209] PHY-001      What physical-progress evidence has been recorded for activity 1257117
[145/209] PHY-004      2024-2025 re Bhubaneswar block re kete kama ra physical progress evide
[146/209] PHY-002      What are the stage-wise completion dates for asset 509018477?
[147/209] PHY-005      Which assets in Attabira have not advanced a stage in the last 90 days
[148/209] STS-003      2024-2025 re Bhubaneswar block re kete kama sarichi?
[149/209] ALR-001      Which administratively approved activities in Bhubaneswar still have z
[150/209] ALR-002      Khordha me kaun si activities ka kharcha admin approved cost se zyada 
[151/209] clarify      Which activities in Khordha have a technically approved cost higher th
[152/209] clarify      2024-2025 ରେ ଭୁବନେଶ୍ୱର ବ୍ଲକର କେଉଁ ଗ୍ରାମ ପଞ୍ଚାୟତରେ କୌଣସି କାର୍ଯ୍ୟ ହୋଇନାହ
[153/209] clarify      Khordha me kaun se GP ka 2024-25 me kisi bhi module me data entry nahi
[154/209] ALR-008      Which activities approved more than 180 days ago in Bhubaneswar are st
[155/209] ALR-011      Which blocks in Khordha are below 50 percent activity completion in 20
[156/209] DQY-001      Khordha me kitni activities ka focus area record nahi hua 2024-25 me?
[157/209] DQY-006      Which activities in Bhubaneswar are marked completed or ongoing but ha
[158/209] clarify      Which activities in Bhubaneswar report expenditure but have no payment
[159/209] clarify      2024-2025 re Khordha re kete activity re funding scheme record hoini?
[160/209] ALR-006      Which suspended activities in Attabira have payment vouchers dated aft
[161/209] ALR-010      Which GPs in Khordha have a resource envelope allocation but no upload
[162/209] ALR-007      Which activities in Begunia have been ongoing longer than their planne
[163/209] DQY-005      How many beneficiary records in Andhrua are missing the village field 
[164/209] SAN-003      What is the total administratively sanctioned amount for each GP in 20
[165/209] SAN-003      only Khordha please
[166/209] SAN-001      How many activities in Andhrua received administrative approval in 202
[167/209] clarify      and in Ganjam?
[168/209] clarify      2024-2025 re Khordha jillare block anusare prashasanika manjuri rashi 
[169/209] SAN-002      How many activities in Bhubaneswar are still awaiting administrative a
[170/209] clarify      Bhubaneswar me kitne percent planned activities ko admin approval mila
[171/209] clarify      Khordha me kaun si activities ko sabse zyada admin sanction amount mil
[172/209] SAN-005      What are the administrative approval order number, date and issuing au
[173/209] clarify      2024-2025 ରେ ଆନ୍ଧ୍ରୁଆ ପାଇଁ ମୋଟ ପ୍ରଶାସନିକ ମଞ୍ଜୁରୀ ରାଶି କେତେ?
[174/209] SAN-010      How many administrative approvals in Khordha were issued in each quart
[175/209] AST-001      How many assets were created in each GP during 2024-2025?
[176/209] AST-001      Bhubaneswar block ru?
[177/209] clarify      2024-2025 ରେ ଭୁବନେଶ୍ୱର ବ୍ଲକରେ ସମ୍ପତ୍ତି ଶ୍ରେଣୀ ଅନୁସାରେ କେତେ ସମ୍ପତ୍ତି ସୃ
[178/209] AST-006      Bhubaneswar me 2024-25 me kitne immovable asset bane?
[179/209] AST-007      Which asset category received the highest expenditure in Khordha for 2
[180/209] clarify      Bhubaneswar ke kaun se GP ne 2024-25 me koi asset nahi banaya?
[181/209] AST-012      How has the number of assets created per year in Bhubaneswar changed?
[182/209] AST-010      What is the average unit cost of tap connections across Khordha for 20
[183/209] AST-005      What are the unit count and unit cost of assets created under activity
[184/209] AST-004      Where are the assets under activity 125711758 located, and how many un
[185/209] clarify      Compare activity counts, expenditure and completion rates between Bhub
[186/209] TRD-010      Compare planned expenditure, actual expenditure and completion rate be
[187/209] TRD-012      How does Khordha compare with the state average on expenditure per GP 
[188/209] TRD-004      Bhubaneswar ka total kharcha 2023-24 se 2024-25 me kitna badla?
[189/209] clarify      ଆନ୍ଧ୍ରୁଆର ବର୍ଷ ଅନୁସାରେ ମୋଟ ଖର୍ଚ୍ଚ କେତେ?
[190/209] TRD-002      Compare the approved cost and expenditure theme-wise between 2023-24 a
[191/209] TRD-005      Khordha ka activity completion rate saalon me kaise badla?
[192/209] TRD-006      Andhrua ra barsa bhittire mota kharcha kete?
[193/209] TRD-011      Compare Laxmipur and Kalimela for 2024-25.
[194/209] DSS-006      Bhubaneswar ke kaun se GP me sabse zyada paisa bacha hua hai 2024-25 m
[195/209] DSS-005      2024-2025 re Bhubaneswar re kaun chalu kama manjuri rashira 25 percent
[196/209] DSS-002      Which blocks in Khordha combine high pending sanctions with low expend
[197/209] DSS-001      Andhrua me kaun se focus area ka approved cost zyada hai lekin complet
[198/209] DSS-003      Which asset sub-categories in Bhubaneswar show the highest repeat-main
[199/209] DSS-004      Which GPs in Attabira could reach the next PAI grade with the smallest
[200/209] clarify      How many beneficiaries received benefits under Swachh Bharat Mission i
[201/209] clarify      Bhubaneswar block ke GPs me kitne beneficiary hain 2024-25 me?
[202/209] BEN-002      What is the village-wise count of beneficiaries in Andhrua under NSAP 
[203/209] fallback     2024-2025 ରେ ଆନ୍ଧ୍ରୁଆରେ କେତେ ହିତାଧିକାରୀ ପେନସନ ପାଇଛନ୍ତି?
[204/209] clarify      What is the weather forecast for Bhubaneswar tomorrow?
[205/209] fallback     Odisha panchayat election kab hoga?
[206/209] clarify      Who is the current Sarpanch of Andhrua?
[207/209] clarify      ଆଜି ଭୁବନେଶ୍ୱରରେ ପାଗ କିପରି ଅଛି?
[208/209] clarify      Can you write me a leave application in Odia?
[209/209] fallback     What is the MGNREGA wage rate in Odisha this year?

Wrote I:\My Drive\ASC Lab\LMIC AI Code repo\Odisha_PRDW\Chatbot\eval_full_results_run3.jsonl (209 records)
replay 3/3: 209 questions in 1107s
DONE — now run: python aggregate_consistency.py
