
Loading C:\dev\odisha-d11b\Insights\metainsights\view1_candidates.json ...
  5,000 candidates loaded
  972 OUTSTANDING_1/ATTRIBUTION twins merged (A2) -> 4,028
  4,028 after pre-filter
  15 selected for top-15

Loading C:\dev\odisha-d11b\Insights\metainsights\view2_candidates.json ...
  322 candidates loaded
  21 OUTSTANDING_1/ATTRIBUTION twins merged (A2) -> 301
  301 after pre-filter
  15 selected for top-15

Loading C:\dev\odisha-d11b\Insights\metainsights\view3_candidates.json ...
  45 candidates loaded
  1 OUTSTANDING_1/ATTRIBUTION twins merged (A2) -> 44
  44 after pre-filter
  15 selected for top-15

Loading C:\dev\odisha-d11b\Insights\metainsights\view4_candidates.json ...
  31 candidates loaded
  0 OUTSTANDING_1/ATTRIBUTION twins merged (A2) -> 31
  31 after pre-filter
  13 selected for top-15
Layer 2P report -> C:\dev\odisha-d11b\Insights\reports\layer2p_raw_explorer.txt
Layer 3P report -> C:\dev\odisha-d11b\Insights\reports\layer3p_ranked_dashboard.txt

======================================================================
Phase 5 Summary
======================================================================
  view1: 15 selected from 4,028  | TotalUse=11.3770  | types: ATTRIBUTION, EVENNESS, LAST_TWO, OUTSTANDING_1, OUTSTANDING_LAST, TOP_TWO
  view2: 15 selected from 301  | TotalUse=9.2032  | types: ATTRIBUTION, CHANGE_POINT, LAST_TWO, OUTSTANDING_1, OUTSTANDING_LAST, SEASONALITY, TOP_TWO, TREND
  view3: 15 selected from 44  | TotalUse=3.5466  | types: ATTRIBUTION, EVENNESS, OUTSTANDING_1, TOP_TWO, TREND, UNIMODALITY
  view4: 13 selected from 31  | TotalUse=3.1067  | types: ATTRIBUTION, EVENNESS, OUTSTANDING_1, TOP_TWO
