  removed the previous gamma 0.1 edition
  removed the previous gamma 0.3 edition
  removed the previous gamma 0.5 edition
  removed the previous gamma 0.7 edition
  removed the previous gamma 0.9 edition
Candidate set d619a72e4fe98d5f, stamped 2026-09-07T17:49:27Z (from DISCOVER_RUN_STAMP)
Views: view1, view2, view3, view4

Loading candidates ...
  view1: 5,000 candidates (tau=0.5, S*=1.7925)
  view2: 322 candidates (tau=0.5, S*=1.7925)
  view3: 45 candidates (tau=0.5, S*=1.7925)
  view4: 32 candidates (tau=0.5, S*=1.7925)

============================================================
GAMMA = 0.1
============================================================
  view1: 30 ranked, 0 with exceptions, 972 twins merged (A2)
  view2: 30 ranked, 18 with exceptions, 21 twins merged (A2)
  view3: 23 ranked, 23 with exceptions, 7 twins merged (A2)
  view4: 16 ranked, 16 with exceptions, 2 twins merged (A2)
  Enriching with stats ...
  Generating report ...
    Activity Lifecycle - Every Planned Work and Its Money ...
    Monthly Money Flows by Gram Panchayat ...
    Gram Panchayat Report Card by Year ...
    Gram Panchayat Profile - Who Lives There and What They Have ...
  -> C:\dev\odisha-d11\Insights\reports_prdw\gamma_0.1_report.md

============================================================
GAMMA = 0.3
============================================================
  view1: 30 ranked, 2 with exceptions, 972 twins merged (A2)
  view2: 30 ranked, 19 with exceptions, 21 twins merged (A2)
  view3: 23 ranked, 23 with exceptions, 7 twins merged (A2)
  view4: 16 ranked, 16 with exceptions, 2 twins merged (A2)
  Enriching with stats ...
  Generating report ...
    Activity Lifecycle - Every Planned Work and Its Money ...
    Monthly Money Flows by Gram Panchayat ...
    Gram Panchayat Report Card by Year ...
    Gram Panchayat Profile - Who Lives There and What They Have ...
  -> C:\dev\odisha-d11\Insights\reports_prdw\gamma_0.3_report.md

============================================================
GAMMA = 0.5
============================================================
  view1: 30 ranked, 10 with exceptions, 972 twins merged (A2)
  view2: 30 ranked, 20 with exceptions, 21 twins merged (A2)
  view3: 23 ranked, 23 with exceptions, 7 twins merged (A2)
  view4: 16 ranked, 16 with exceptions, 2 twins merged (A2)
  Enriching with stats ...
  Generating report ...
    Activity Lifecycle - Every Planned Work and Its Money ...
    Monthly Money Flows by Gram Panchayat ...
    Gram Panchayat Report Card by Year ...
    Gram Panchayat Profile - Who Lives There and What They Have ...
  -> C:\dev\odisha-d11\Insights\reports_prdw\gamma_0.5_report.md

============================================================
GAMMA = 0.7
============================================================
  view1: 30 ranked, 30 with exceptions, 972 twins merged (A2)
  view2: 30 ranked, 24 with exceptions, 21 twins merged (A2)
  view3: 23 ranked, 23 with exceptions, 7 twins merged (A2)
  view4: 16 ranked, 16 with exceptions, 2 twins merged (A2)
  Enriching with stats ...
  Generating report ...
    Activity Lifecycle - Every Planned Work and Its Money ...
    Monthly Money Flows by Gram Panchayat ...
    Gram Panchayat Report Card by Year ...
    Gram Panchayat Profile - Who Lives There and What They Have ...
  -> C:\dev\odisha-d11\Insights\reports_prdw\gamma_0.7_report.md

============================================================
GAMMA = 0.9
============================================================
  view1: 30 ranked, 30 with exceptions, 972 twins merged (A2)
  view2: 30 ranked, 25 with exceptions, 21 twins merged (A2)
  view3: 23 ranked, 23 with exceptions, 7 twins merged (A2)
  view4: 16 ranked, 16 with exceptions, 2 twins merged (A2)
  Enriching with stats ...
  Generating report ...
    Activity Lifecycle - Every Planned Work and Its Money ...
    Monthly Money Flows by Gram Panchayat ...
    Gram Panchayat Report Card by Year ...
    Gram Panchayat Profile - Who Lives There and What They Have ...
  -> C:\dev\odisha-d11\Insights\reports_prdw\gamma_0.9_report.md

Done. Generated 5 gamma report(s) over 4 views: gamma 0.1, 0.3, 0.5, 0.7, 0.9.
